node.exe : npm warn Unknown 
project config 
"enable-pre-post-scripts". 
This will stop working in the 
next major version of npm.
At C:\Program 
Files\nodejs\npm.ps1:29 char:3
+   & $NODE_EXE $NPM_CLI_JS 
$args
+   
~~~~~~~~~~~~~~~~~~~~~~~~~~~~~
    + CategoryInfo          :  
   NotSpecified: (npm warn Un  
  know...version of npm.:Str   
 ing) [], RemoteException
    + FullyQualifiedErrorId :  
   NativeCommandError
 

> payload-cms@1.0.0 build
> cross-env NODE_OPTIONS=--no-deprecation next build

   Γû▓ Next.js 15.4.11
   - Environments: .env

   Creating an optimized production build ...
 Γ£ô Compiled successfully in 31.0s
   Linting and checking validity of types ...
Failed to compile.

./src/blocks/Content/Component.
tsx:36:45
Type error: Type '{ resource: 
Media; width: number; }' is 
not assignable to type 
'IntrinsicAttributes & Props'.
  Property 'width' does not 
exist on type 
'IntrinsicAttributes & Props'.

[0m [90m 34 |[39m           
      {media [33m&&[39m 
[36mtypeof[39m media 
[33m===[39m 
[32m'object'[39m 
[33m&&[39m (
 [90m 35 |[39m               
    [33m<[39m[33mdiv[39m cl
assName[33m=[39m[32m"mb-4"[
39m[33m>[39m
[31m[1m>[22m[39m[90m 36 
|[39m                     
[33m<[39m[33mMedia[39m 
resource[33m=[39m{media} widt
h[33m=[39m{media[33m.[39mwi
dth [33m||[39m 
[35m800[39m} 
[33m/[39m[33m>[39m
 [90m    |[39m               
                              
[31m[1m^[22m[39m
 [90m 37 |[39m               
    [33m<[39m[33m/[39m[33m
div[39m[33m>[39m
 [90m 38 |[39m               
  )}
 [90m 39 |[39m               
  {richText [33m&&[39m 
[33m<[39m[33mRichText[39m 
data[33m=[39m{richText} enabl
eGutter[33m=[39m{[36mfalse[
39m} 
[33m/[39m[33m>[39m}[0m
Next.js build worker exited 
with code: 1 and signal: null
